2026-10-01 13:04:02 - INFO - Aplikasi dimulai
2026-10-01 13:04:06 - INFO - Login attempt for username: admin
2026-10-01 13:04:06 - INFO - Successful login for user: admin
2026-10-01 13:04:47 - INFO - Data submitted by user: admin - NIM: 24106050020
2026-10-01 13:05:06 - INFO - User logout: admin
2026-10-01 13:05:11 - INFO - Application closed by user: None
2026-10-01 13:08:37 - INFO - Aplikasi dimulai
2026-10-01 13:08:44 - INFO - Login attempt for username: user1
2026-10-01 13:08:44 - INFO - Successful login for user: user1
2026-10-01 13:10:48 - INFO - Aplikasi dimulai
2026-10-01 13:10:54 - INFO - Login attempt for username: admin
2026-10-01 13:10:54 - INFO - Successful login for user: admin
2026-10-01 13:12:59 - INFO - User logout: admin
2026-10-01 13:13:02 - INFO - Login attempt for username: admin
2026-10-01 13:13:02 - INFO - Successful login for user: admin
2026-10-01 13:19:52 - INFO - Aplikasi dimulai
2026-10-01 13:19:56 - INFO - Login attempt for username: admin
2026-10-01 13:19:56 - INFO - Successful login for user: admin
2026-10-01 13:20:02 - INFO - Aplikasi dimulai
2026-10-01 13:20:05 - INFO - Login attempt for username: admin
2026-10-01 13:20:05 - INFO - Successful login for user: admin
2026-10-01 13:20:17 - INFO - User logout: admin
2026-10-01 13:20:28 - INFO - Login attempt for username: user1
2026-10-01 13:20:28 - INFO - Successful login for user: user1
2026-10-01 13:20:32 - INFO - Application closed by user: user1
2026-10-01 14:04:01 - INFO - Aplikasi dimulai
2026-10-01 14:04:04 - INFO - Login attempt for username: admin
2026-10-01 14:04:04 - INFO - Successful login for user: admin
2026-10-01 14:04:39 - INFO - Aplikasi dimulai
2026-10-01 14:04:43 - INFO - Login attempt for username: admin
2026-10-01 14:04:43 - INFO - Successful login for user: admin
2026-10-01 14:05:00 - INFO - Aplikasi dimulai
2026-10-01 14:05:06 - INFO - Login attempt for username: user1
2026-10-01 14:05:06 - INFO - Successful login for user: user1
2026-10-01 14:05:33 - INFO - Aplikasi dimulai
2026-10-01 14:05:39 - INFO - Login attempt for username: mahasiswa
2026-10-01 14:05:39 - INFO - Successful login for user: mahasiswa
2026-10-03 12:18:09 - INFO - Aplikasi dimulai
2026-10-03 12:18:15 - INFO - Login attempt for username: admin
2026-10-03 12:18:15 - INFO - Successful login for user: admin
2026-10-03 15:07:29 - INFO - Aplikasi dimulai
2026-10-03 15:08:02 - INFO - Aplikasi dimulai
2026-10-03 16:44:39 - INFO - Aplikasi dimulai
2026-10-03 16:44:39 - ERROR - Remember Me error: Expecting value: line 1 column 1 (char 0)
2026-10-03 16:45:06 - INFO - Login attempt for username: admin
2026-10-03 16:45:06 - INFO - Successful login for user: admin
2026-10-03 16:45:06 - INFO - username 'admin' disimpan
2026-10-03 16:45:16 - INFO - Form biodata telah direset
2026-10-03 16:45:35 - INFO - Form biodata telah direset
2026-10-03 16:45:43 - INFO - User logout: admin
2026-10-03 16:45:43 - INFO - 'admin' dimuat
2026-10-03 16:46:31 - INFO - Login attempt for username: user1
2026-10-03 16:46:31 - INFO - Successful login for user: user1
2026-10-03 16:46:31 - INFO - username 'user1' disimpan
2026-10-03 16:46:38 - INFO - User logout: user1
2026-10-03 16:46:38 - INFO - 'user1' dimuat
2026-10-03 16:46:44 - INFO - Login attempt for username: admin
2026-10-03 16:46:44 - INFO - Successful login for user: admin
2026-10-03 16:46:44 - INFO - username 'admin' disimpan
2026-10-03 16:46:48 - INFO - Form biodata telah direset
2026-10-03 16:48:31 - INFO - Aplikasi dimulai
2026-10-03 16:48:31 - INFO - 'admin' dimuat
2026-10-03 16:48:48 - INFO - Login attempt for username: 
2026-10-03 16:48:48 - WARNING - Empty credentials attempt for username: 
2026-10-03 16:49:02 - INFO - Login attempt for username: admin
2026-10-03 16:49:02 - INFO - Successful login for user: admin
2026-10-03 16:49:02 - INFO - username '' disimpan
2026-10-03 16:49:32 - INFO - Aplikasi dimulai
2026-10-03 16:49:36 - INFO - Login attempt for username: admin
2026-10-03 16:49:36 - INFO - Successful login for user: admin
2026-10-03 16:49:36 - INFO - username '' disimpan
2026-10-03 16:49:39 - INFO - Form biodata telah direset
2026-10-03 16:49:48 - INFO - Aplikasi dimulai
2026-10-03 16:49:59 - INFO - Login attempt for username: admin
2026-10-03 16:49:59 - INFO - Successful login for user: admin
2026-10-03 16:49:59 - INFO - username '' disimpan
2026-10-03 16:50:08 - INFO - Aplikasi dimulai
2026-10-03 16:50:16 - INFO - Login attempt for username: admin
2026-10-03 16:50:16 - INFO - Successful login for user: admin
2026-10-03 16:50:16 - INFO - username 'admin' disimpan
2026-10-03 16:50:57 - INFO - Aplikasi dimulai
2026-10-03 16:50:57 - INFO - 'admin' dimuat
2026-10-03 16:51:07 - INFO - Login attempt for username: user1
2026-10-03 16:51:07 - INFO - Successful login for user: user1
2026-10-03 16:51:07 - INFO - username 'user1' disimpan
2026-10-03 16:51:13 - INFO - Application closed by user: user1
2026-10-03 16:51:17 - INFO - Aplikasi dimulai
2026-10-03 16:51:17 - INFO - 'user1' dimuat
2026-10-03 23:56:08 - INFO - Aplikasi dimulai
2026-10-03 23:56:08 - INFO - 'user1' dimuat
2026-10-03 23:57:35 - INFO - Login attempt for username: 
2026-10-03 23:57:35 - WARNING - Empty credentials attempt for username: 
2026-10-04 00:07:59 - INFO - Aplikasi dimulai
2026-10-04 00:07:59 - INFO - 'user1' dimuat
2026-10-04 00:13:14 - INFO - Aplikasi dimulai
2026-10-04 00:13:14 - INFO - 'user1' dimuat
2026-10-04 00:13:19 - INFO - Login attempt for username: user1
2026-10-04 00:13:19 - INFO - Successful login for user: user1
2026-10-04 00:13:19 - INFO - username 'user1' disimpan
2026-10-04 00:13:33 - INFO - User logout: user1
2026-10-04 00:13:33 - INFO - 'user1' dimuat
2026-10-04 00:19:20 - INFO - Aplikasi dimulai
2026-10-04 00:19:20 - INFO - 'user1' dimuat
2026-10-04 00:20:16 - INFO - Aplikasi dimulai
2026-10-04 00:20:16 - INFO - 'user1' dimuat
2026-10-04 00:21:46 - INFO - Login attempt for username: user1
2026-10-04 00:21:46 - WARNING - Empty credentials attempt for username: user1
2026-10-04 00:38:09 - INFO - Login attempt for username: user1
2026-10-04 00:38:09 - WARNING - Empty credentials attempt for username: user1
2026-10-04 00:55:05 - INFO - Aplikasi dimulai
2026-10-04 00:55:05 - INFO - 'user1' dimuat
